// Jest Snapshot v1, https://goo.gl/fbAQLP

exports[`formatDateArgentina coincide con la snapshot 1`] = `"15 de octubre de 2023"`;
